Microchip MPLAB XC8 Compiler V2.10 ()

Linker command line:

-W-3 --edf=E:\Programms\Micro\pic\dat\en_msgs.txt -cs \
  -h+dist/default/production\nixieude.X.production.sym \
  --cmf=dist/default/production\nixieude.X.production.cmf -z -Q16F1936 \
  -oC:\Users\georg\AppData\Local\Temp\susc.2 --defsym=__MPLAB_BUILD=1 \
  -Mdist/default/production/nixieude.X.production.map -E1 -ver=XC8 \
  --acfsm=1493 -ASTACK=02012h-021EFh -pstack=STACK -ACODE=00h-07FFhx4 \
  -ASTRCODE=00h-01FFFh -ASTRING=00h-0FFhx32 -ACONST=00h-0FFhx32 \
  -AENTRY=00h-0FFhx32 -ACOMMON=070h-07Fh -ABANK0=020h-06Fh \
  -ABANK1=0A0h-0EFh -ABANK2=0120h-016Fh -ABANK3=01A0h-01EFh \
  -ABANK4=0220h-026Fh -ABANK5=02A0h-02EFh -ABANK6=0320h-032Fh \
  -ABIGRAM=02000h-021EFh \
  -ARAM=020h-06Fh,0A0h-0EFh,0120h-016Fh,01A0h-01EFh,0220h-026Fh,02A0h-02EFh,0320h-032Fh \
  -AABS1=020h-07Fh,0A0h-0EFh,0120h-016Fh,01A0h-01EFh,0220h-026Fh,02A0h-02EFh,0320h-032Fh \
  -ASFR0=00h-01Fh -ASFR1=080h-09Fh -ASFR2=0100h-011Fh -ASFR3=0180h-019Fh \
  -ASFR4=0200h-021Fh -ASFR5=0280h-029Fh -ASFR6=0300h-031Fh \
  -ASFR7=0380h-03EFh -ASFR8=0400h-046Fh -ASFR9=0480h-04EFh \
  -ASFR10=0500h-056Fh -ASFR11=0580h-05EFh -ASFR12=0600h-066Fh \
  -ASFR13=0680h-06EFh -ASFR14=0700h-076Fh -ASFR15=0780h-07EFh \
  -ASFR16=0800h-086Fh -ASFR17=0880h-08EFh -ASFR18=0900h-096Fh \
  -ASFR19=0980h-09EFh -ASFR20=0A00h-0A6Fh -ASFR21=0A80h-0AEFh \
  -ASFR22=0B00h-0B6Fh -ASFR23=0B80h-0BEFh -ASFR24=0C00h-0C6Fh \
  -ASFR25=0C80h-0CEFh -ASFR26=0D00h-0D6Fh -ASFR27=0D80h-0DEFh \
  -ASFR28=0E00h-0E6Fh -ASFR29=0E80h-0EEFh -ASFR30=0F00h-0F6Fh \
  -ASFR31=0F80h-0FEFh -preset_vec=00h,intentry=04h,init,end_init \
  -ppowerup=CODE -pcinit=CODE -pfunctab=ENTRY -ACONFIG=08007h-08008h \
  -pconfig=CONFIG -DCONFIG=2 -AIDLOC=08000h-08003h -pidloc=IDLOC -DIDLOC=2 \
  -AEEDATA=00h-0FFh/0F000h -peeprom_data=EEDATA -DEEDATA=2 -DCODE=2 \
  -DSTRCODE=2 -DSTRING=2 -DCONST=2 -DENTRY=2 -k \
  C:\Users\georg\AppData\Local\Temp\susc.o \
  dist/default/production\nixieude.X.production.o 

Object code version is 3.11

Machine type is 16F1936



                Name                               Link     Load   Length Selector   Space Scale
C:\Users\georg\AppData\Local\Temp\susc.o
                end_init                              8        8        2        8       0
                reset_vec                             0        0        2        0       0
                config                             8007     8007        2    1000E       0
dist/default/production\nixieude.X.production.o
                cinit                                 A        A        7        8       0
                intentry                              4        4        4        8       0
                text24                              4FF      4FF        8        8       0
                text23                              510      510        4        8       0
                text22                              4CC      4CC        C        8       0
                text21                              47A      47A       18        8       0
                text20                              50C      50C        4        8       0
                text19                              4BC      4BC       10        8       0
                text18                              4EE      4EE        9        8       0
                text17                              26A      26A       67        8       0
                text16                               E6       E6       A3        8       0
                text15                              3F9      3F9       36        8       0
                text14                              189      189       79        8       0
                text13                              455      455       25        8       0
                text12                              507      507        5        8       0
                text11                              3BC      3BC       3D        8       0
                text10                              4A7      4A7       15        8       0
                text9                               492      492       15        8       0
                text8                               32D      32D       49        8       0
                text7                               202      202       68        8       0
                text6                               42F      42F       26        8       0
                text5                               2D1      2D1       5C        8       0
                text4                               376      376       46        8       0
                text3                               4E3      4E3        B        8       0
                text2                               4D8      4D8        B        8       0
                text1                               4F7      4F7        8        8       0
                maintext                             11       11       D5        8       0
                cstackBANK0                          20       20       10       20       1
                cstackCOMMON                         70       70        E       70       1
                bssBANK0                             30       30        2       20       1

TOTAL           Name                               Link     Load   Length     Space
        CLASS   STACK          

        CLASS   CODE           
                end_init                              8        8        2         0
                cinit                                 A        A        7         0
                intentry                              4        4        4         0
                reset_vec                             0        0        2         0
                text24                              4FF      4FF        8         0
                text23                              510      510        4         0
                text22                              4CC      4CC        C         0
                text21                              47A      47A       18         0
                text20                              50C      50C        4         0
                text19                              4BC      4BC       10         0
                text18                              4EE      4EE        9         0
                text17                              26A      26A       67         0
                text16                               E6       E6       A3         0
                text15                              3F9      3F9       36         0
                text14                              189      189       79         0
                text13                              455      455       25         0
                text12                              507      507        5         0
                text11                              3BC      3BC       3D         0
                text10                              4A7      4A7       15         0
                text9                               492      492       15         0
                text8                               32D      32D       49         0
                text7                               202      202       68         0
                text6                               42F      42F       26         0
                text5                               2D1      2D1       5C         0
                text4                               376      376       46         0
                text3                               4E3      4E3        B         0
                text2                               4D8      4D8        B         0
                text1                               4F7      4F7        8         0
                maintext                             11       11       D5         0

        CLASS   STRCODE        

        CLASS   STRING         

        CLASS   CONST          

        CLASS   ENTRY          

        CLASS   COMMON         
                cstackCOMMON                         70       70        E         1

        CLASS   BANK0          
                cstackBANK0                          20       20       10         1
                bssBANK0                             30       30        2         1

        CLASS   BANK1          

        CLASS   BANK2          

        CLASS   BANK3          

        CLASS   BANK4          

        CLASS   BANK5          

        CLASS   BANK6          

        CLASS   BIGRAM         

        CLASS   RAM            

        CLASS   ABS1           
                abs_s1                               7E       7E        2         1

        CLASS   SFR0           

        CLASS   SFR1           

        CLASS   SFR2           

        CLASS   SFR3           

        CLASS   SFR4           

        CLASS   SFR5           

        CLASS   SFR6           

        CLASS   SFR7           

        CLASS   SFR8           

        CLASS   SFR9           

        CLASS   SFR10          

        CLASS   SFR11          

        CLASS   SFR12          

        CLASS   SFR13          

        CLASS   SFR14          

        CLASS   SFR15          

        CLASS   SFR16          

        CLASS   SFR17          

        CLASS   SFR18          

        CLASS   SFR19          

        CLASS   SFR20          

        CLASS   SFR21          

        CLASS   SFR22          

        CLASS   SFR23          

        CLASS   SFR24          

        CLASS   SFR25          

        CLASS   SFR26          

        CLASS   SFR27          

        CLASS   SFR28          

        CLASS   SFR29          

        CLASS   SFR30          

        CLASS   SFR31          

        CLASS   CONFIG         
                config                             8007     8007        2         0

        CLASS   IDLOC          

        CLASS   EEDATA         

        CLASS   BANK31         

        CLASS   BANK30         

        CLASS   BANK29         

        CLASS   BANK28         

        CLASS   BANK27         

        CLASS   BANK26         

        CLASS   BANK25         

        CLASS   BANK24         

        CLASS   BANK23         

        CLASS   BANK22         

        CLASS   BANK21         

        CLASS   BANK20         

        CLASS   BANK19         

        CLASS   BANK18         

        CLASS   BANK17         

        CLASS   BANK16         

        CLASS   BANK15         

        CLASS   BANK14         

        CLASS   BANK13         

        CLASS   BANK12         

        CLASS   BANK11         

        CLASS   BANK10         

        CLASS   BANK9          

        CLASS   BANK8          

        CLASS   BANK7          



SEGMENTS        Name                           Load    Length   Top    Selector   Space  Class     Delta

                reset_vec                      000000  000002  000002         0       0  CODE        2
                intentry                       000004  000510  000514         8       0  CODE        2
                cstackBANK0                    000020  000012  000032        20       1  BANK0       1
                cstackCOMMON                   000070  00000E  00007E        70       1  COMMON      1
                config                         008007  000002  008009     1000E       0  CONFIG      2


UNUSED ADDRESS RANGES

        Name                Unused          Largest block    Delta
        BANK0            00032-0006F              3E           1
        BANK1            000A0-000EF              50           1
        BANK2            00120-0016F              50           1
        BANK3            001A0-001EF              50           1
        BANK4            00220-0026F              50           1
        BANK5            002A0-002EF              50           1
        BANK6            00320-0032F              10           1
        BIGRAM           02000-021EF             1F0           1
        CODE             00002-00003               2           2
                         00514-01FFF             800
        CONST            00002-00003               2           2
                         00514-01FFF             100
        EEDATA           0F000-0F0FF             100           2
        ENTRY            00002-00003               2           2
                         00514-01FFF             100
        IDLOC            08000-08003               4           2
        RAM              00032-0006F              3E           1
                         000A0-000EF              50
                         00120-0016F              50
                         001A0-001EF              50
                         00220-0026F              50
                         002A0-002EF              50
                         00320-0032F              10
        SFR0             00000-0001F              20           1
        SFR1             00080-0009F              20           1
        SFR10            00500-0056F              70           1
        SFR11            00580-005EF              70           1
        SFR12            00600-0066F              70           1
        SFR13            00680-006EF              70           1
        SFR14            00700-0076F              70           1
        SFR15            00780-007EF              70           1
        SFR16            00800-0086F              70           1
        SFR17            00880-008EF              70           1
        SFR18            00900-0096F              70           1
        SFR19            00980-009EF              70           1
        SFR2             00100-0011F              20           1
        SFR20            00A00-00A6F              70           1
        SFR21            00A80-00AEF              70           1
        SFR22            00B00-00B6F              70           1
        SFR23            00B80-00BEF              70           1
        SFR24            00C00-00C6F              70           1
        SFR25            00C80-00CEF              70           1
        SFR26            00D00-00D6F              70           1
        SFR27            00D80-00DEF              70           1
        SFR28            00E00-00E6F              70           1
        SFR29            00E80-00EEF              70           1
        SFR3             00180-0019F              20           1
        SFR30            00F00-00F6F              70           1
        SFR31            00F80-00FEF              70           1
        SFR4             00200-0021F              20           1
        SFR5             00280-0029F              20           1
        SFR6             00300-0031F              20           1
        SFR7             00380-003EF              70           1
        SFR8             00400-0046F              70           1
        SFR9             00480-004EF              70           1
        STACK            02012-021EF             1DE           1
        STRCODE          00002-00003               2           2
                         00514-01FFF            1AEC
        STRING           00002-00003               2           2
                         00514-01FFF             100

                                  Symbol Table

?_i2c_tx                         cstackCOMMON 00070
_ADCON0                          (abs)        0009D
_ADCON0bits                      (abs)        0009D
_ADCON1                          (abs)        0009E
_ADC_Initialize                  text24       004FF
_ADRESH                          (abs)        0009C
_ADRESL                          (abs)        0009B
_ANSELA                          (abs)        0018C
_ANSELB                          (abs)        0018D
_APFCON                          (abs)        0011D
_BORCON                          (abs)        00116
_CCP1CON                         (abs)        00293
_CCPR1L                          (abs)        00291
_FVRCON                          (abs)        00117
_FVRCONbits                      (abs)        00117
_FVR_Initialize                  text23       00510
_LATA                            (abs)        0010C
_LATAbits                        (abs)        0010C
_LATB                            (abs)        0010D
_LATBbits                        (abs)        0010D
_LATC                            (abs)        0010E
_LATCbits                        (abs)        0010E
_LATE                            (abs)        00110
_OPTION_REGbits                  (abs)        00095
_OSCCON                          (abs)        00099
_OSCILLATOR_Initialize           text22       004CC
_OSCTUNE                         (abs)        00098
_PIN_MANAGER_Initialize          text21       0047A
_PLLR                            (abs)        004D6
_PORTBbits                       (abs)        0000D
_PORTCbits                       (abs)        0000E
_PR2                             (abs)        0001B
_RE3                             (abs)        00083
_SYSTEM_Initialize               text19       004BC
_T2CON                           (abs)        0001C
_TRISA                           (abs)        0008C
_TRISB                           (abs)        0008D
_TRISC                           (abs)        0008E
_TRISCbits                       (abs)        0008E
_TRISE                           (abs)        00090
_WDTCON                          (abs)        00097
_WDT_Initialize                  text20       0050C
_WPUB                            (abs)        0020D
_WPUE                            (abs)        00210
__CFG_BOREN$ON                   (abs)        00000
__CFG_BORV$LO                    (abs)        00000
__CFG_CLKOUTEN$OFF               (abs)        00000
__CFG_CP$OFF                     (abs)        00000
__CFG_CPD$OFF                    (abs)        00000
__CFG_FCMEN$ON                   (abs)        00000
__CFG_FOSC$INTOSC                (abs)        00000
__CFG_IESO$ON                    (abs)        00000
__CFG_LVP$OFF                    (abs)        00000
__CFG_MCLRE$OFF                  (abs)        00000
__CFG_PLLEN$ON                   (abs)        00000
__CFG_PWRTE$OFF                  (abs)        00000
__CFG_STVREN$ON                  (abs)        00000
__CFG_VCAPEN$OFF                 (abs)        00000
__CFG_WDTE$OFF                   (abs)        00000
__CFG_WRT$OFF                    (abs)        00000
__Habs1                          abs1         00000
__Hbank0                         bank0        00000
__Hbank1                         bank1        00000
__Hbank10                        bank10       00000
__Hbank11                        bank11       00000
__Hbank12                        bank12       00000
__Hbank13                        bank13       00000
__Hbank14                        bank14       00000
__Hbank15                        bank15       00000
__Hbank16                        bank16       00000
__Hbank17                        bank17       00000
__Hbank18                        bank18       00000
__Hbank19                        bank19       00000
__Hbank2                         bank2        00000
__Hbank20                        bank20       00000
__Hbank21                        bank21       00000
__Hbank22                        bank22       00000
__Hbank23                        bank23       00000
__Hbank24                        bank24       00000
__Hbank25                        bank25       00000
__Hbank26                        bank26       00000
__Hbank27                        bank27       00000
__Hbank28                        bank28       00000
__Hbank29                        bank29       00000
__Hbank3                         bank3        00000
__Hbank30                        bank30       00000
__Hbank31                        bank31       00000
__Hbank4                         bank4        00000
__Hbank5                         bank5        00000
__Hbank6                         bank6        00000
__Hbank7                         bank7        00000
__Hbank8                         bank8        00000
__Hbank9                         bank9        00000
__Hbigram                        bigram       00000
__HbssBANK0                      bssBANK0     00000
__Hcinit                         cinit        00011
__Hclrtext                       clrtext      00000
__Hcode                          code         00000
__Hcommon                        common       00000
__Hconfig                        config       08009
__HcstackBANK0                   cstackBANK0  00000
__HcstackCOMMON                  cstackCOMMON 00000
__Heeprom_data                   eeprom_data  00000
__Hend_init                      end_init     0000A
__Hfunctab                       functab      00000
__Hidloc                         idloc        00000
__Hinit                          init         00008
__Hintentry                      intentry     00008
__Hmaintext                      maintext     00000
__Hpowerup                       powerup      00000
__Hram                           ram          00000
__Hreset_vec                     reset_vec    00002
__Hsfr0                          sfr0         00000
__Hsfr1                          sfr1         00000
__Hsfr10                         sfr10        00000
__Hsfr11                         sfr11        00000
__Hsfr12                         sfr12        00000
__Hsfr13                         sfr13        00000
__Hsfr14                         sfr14        00000
__Hsfr15                         sfr15        00000
__Hsfr16                         sfr16        00000
__Hsfr17                         sfr17        00000
__Hsfr18                         sfr18        00000
__Hsfr19                         sfr19        00000
__Hsfr2                          sfr2         00000
__Hsfr20                         sfr20        00000
__Hsfr21                         sfr21        00000
__Hsfr22                         sfr22        00000
__Hsfr23                         sfr23        00000
__Hsfr24                         sfr24        00000
__Hsfr25                         sfr25        00000
__Hsfr26                         sfr26        00000
__Hsfr27                         sfr27        00000
__Hsfr28                         sfr28        00000
__Hsfr29                         sfr29        00000
__Hsfr3                          sfr3         00000
__Hsfr30                         sfr30        00000
__Hsfr31                         sfr31        00000
__Hsfr4                          sfr4         00000
__Hsfr5                          sfr5         00000
__Hsfr6                          sfr6         00000
__Hsfr7                          sfr7         00000
__Hsfr8                          sfr8         00000
__Hsfr9                          sfr9         00000
__Hspace_0                       (abs)        08009
__Hspace_1                       (abs)        0007E
__Hspace_2                       (abs)        00000
__Hspace_3                       (abs)        00000
__Hstack                         stack        00000
__Hstrings                       strings      00000
__Htext                          text         00000
__Labs1                          abs1         00000
__Lbank0                         bank0        00000
__Lbank1                         bank1        00000
__Lbank10                        bank10       00000
__Lbank11                        bank11       00000
__Lbank12                        bank12       00000
__Lbank13                        bank13       00000
__Lbank14                        bank14       00000
__Lbank15                        bank15       00000
__Lbank16                        bank16       00000
__Lbank17                        bank17       00000
__Lbank18                        bank18       00000
__Lbank19                        bank19       00000
__Lbank2                         bank2        00000
__Lbank20                        bank20       00000
__Lbank21                        bank21       00000
__Lbank22                        bank22       00000
__Lbank23                        bank23       00000
__Lbank24                        bank24       00000
__Lbank25                        bank25       00000
__Lbank26                        bank26       00000
__Lbank27                        bank27       00000
__Lbank28                        bank28       00000
__Lbank29                        bank29       00000
__Lbank3                         bank3        00000
__Lbank30                        bank30       00000
__Lbank31                        bank31       00000
__Lbank4                         bank4        00000
__Lbank5                         bank5        00000
__Lbank6                         bank6        00000
__Lbank7                         bank7        00000
__Lbank8                         bank8        00000
__Lbank9                         bank9        00000
__Lbigram                        bigram       00000
__LbssBANK0                      bssBANK0     00000
__Lcinit                         cinit        0000A
__Lclrtext                       clrtext      00000
__Lcode                          code         00000
__Lcommon                        common       00000
__Lconfig                        config       08007
__LcstackBANK0                   cstackBANK0  00000
__LcstackCOMMON                  cstackCOMMON 00000
__Leeprom_data                   eeprom_data  00000
__Lend_init                      end_init     00008
__Lfunctab                       functab      00000
__Lidloc                         idloc        00000
__Linit                          init         00008
__Lintentry                      intentry     00004
__Lmaintext                      maintext     00000
__Lpowerup                       powerup      00000
__Lram                           ram          00000
__Lreset_vec                     reset_vec    00000
__Lsfr0                          sfr0         00000
__Lsfr1                          sfr1         00000
__Lsfr10                         sfr10        00000
__Lsfr11                         sfr11        00000
__Lsfr12                         sfr12        00000
__Lsfr13                         sfr13        00000
__Lsfr14                         sfr14        00000
__Lsfr15                         sfr15        00000
__Lsfr16                         sfr16        00000
__Lsfr17                         sfr17        00000
__Lsfr18                         sfr18        00000
__Lsfr19                         sfr19        00000
__Lsfr2                          sfr2         00000
__Lsfr20                         sfr20        00000
__Lsfr21                         sfr21        00000
__Lsfr22                         sfr22        00000
__Lsfr23                         sfr23        00000
__Lsfr24                         sfr24        00000
__Lsfr25                         sfr25        00000
__Lsfr26                         sfr26        00000
__Lsfr27                         sfr27        00000
__Lsfr28                         sfr28        00000
__Lsfr29                         sfr29        00000
__Lsfr3                          sfr3         00000
__Lsfr30                         sfr30        00000
__Lsfr31                         sfr31        00000
__Lsfr4                          sfr4         00000
__Lsfr5                          sfr5         00000
__Lsfr6                          sfr6         00000
__Lsfr7                          sfr7         00000
__Lsfr8                          sfr8         00000
__Lsfr9                          sfr9         00000
__Lspace_0                       (abs)        00000
__Lspace_1                       (abs)        00000
__Lspace_2                       (abs)        00000
__Lspace_3                       (abs)        00000
__Lstack                         stack        00000
__Lstrings                       strings      00000
__Ltext                          text         00000
__S0                             (abs)        08009
__S1                             (abs)        0007E
__S2                             (abs)        00000
__S3                             (abs)        00000
___int_sp                        stack        00000
___latbits                       (abs)        00002
___sp                            stack        00000
___stackhi                       (abs)        021EF
___stacklo                       (abs)        02012
__end_of_ADC_Initialize          text24       00507
__end_of_FVR_Initialize          text23       00514
__end_of_OSCILLATOR_Initialize   text22       004D8
__end_of_PIN_MANAGER_Initialize  text21       00492
__end_of_SYSTEM_Initialize       text19       004CC
__end_of_WDT_Initialize          text20       00510
__end_of__initialization         cinit        0000D
__end_of_antiPoison              text14       00202
__end_of_delay_ms                text18       004F7
__end_of_hour_inc                text13       0047A
__end_of_i2c_dly                 text12       0050C
__end_of_i2c_getreg              text7        0026A
__end_of_i2c_init                text6        00455
__end_of_i2c_rx                  text11       003F9
__end_of_i2c_setreg              text5        0032D
__end_of_i2c_start               text10       004BC
__end_of_i2c_stop                text9        004A7
__end_of_i2c_tx                  text8        00376
__end_of_isr                     intentry     00008
__end_of_main                    maintext     000E6
__end_of_minute_inc              text4        003BC
__end_of_pwm                     text2        004E3
__end_of_pwm_off                 text3        004EE
__end_of_pwm_on                  text1        004FF
__end_of_show                    text15       0042F
__end_of_showLeft                text17       002D1
__end_of_showRight               text16       00189
__initialization                 cinit        0000A
__pbssBANK0                      bssBANK0     00030
__pcstackBANK0                   cstackBANK0  00020
__pcstackCOMMON                  cstackCOMMON 00070
__pintentry                      intentry     00004
__pmaintext                      maintext     00011
__ptext1                         text1        004F7
__ptext10                        text10       004A7
__ptext11                        text11       003BC
__ptext12                        text12       00507
__ptext13                        text13       00455
__ptext14                        text14       00189
__ptext15                        text15       003F9
__ptext16                        text16       000E6
__ptext17                        text17       0026A
__ptext18                        text18       004EE
__ptext19                        text19       004BC
__ptext2                         text2        004D8
__ptext20                        text20       0050C
__ptext21                        text21       0047A
__ptext22                        text22       004CC
__ptext23                        text23       00510
__ptext24                        text24       004FF
__ptext3                         text3        004E3
__ptext4                         text4        00376
__ptext5                         text5        002D1
__ptext6                         text6        0042F
__ptext7                         text7        00202
__ptext8                         text8        0032D
__ptext9                         text9        00492
__size_of_ADC_Initialize         (abs)        00000
__size_of_FVR_Initialize         (abs)        00000
__size_of_OSCILLATOR_Initialize  (abs)        00000
__size_of_PIN_MANAGER_Initialize (abs)        00000
__size_of_SYSTEM_Initialize      (abs)        00000
__size_of_WDT_Initialize         (abs)        00000
__size_of_antiPoison             (abs)        00000
__size_of_delay_ms               (abs)        00000
__size_of_hour_inc               (abs)        00000
__size_of_i2c_dly                (abs)        00000
__size_of_i2c_getreg             (abs)        00000
__size_of_i2c_init               (abs)        00000
__size_of_i2c_rx                 (abs)        00000
__size_of_i2c_setreg             (abs)        00000
__size_of_i2c_start              (abs)        00000
__size_of_i2c_stop               (abs)        00000
__size_of_i2c_tx                 (abs)        00000
__size_of_isr                    (abs)        00000
__size_of_main                   (abs)        00000
__size_of_minute_inc             (abs)        00000
__size_of_pwm                    (abs)        00000
__size_of_pwm_off                (abs)        00000
__size_of_pwm_on                 (abs)        00000
__size_of_show                   (abs)        00000
__size_of_showLeft               (abs)        00000
__size_of_showRight              (abs)        00000
_antiPoison                      text14       00189
_delay_ms                        text18       004EE
_hour_inc                        text13       00455
_i2c_dly                         text12       00507
_i2c_getreg                      text7        00202
_i2c_init                        text6        0042F
_i2c_rx                          text11       003BC
_i2c_setreg                      text5        002D1
_i2c_start                       text10       004A7
_i2c_stop                        text9        00492
_i2c_tx                          text8        0032D
_isr                             intentry     00004
_main                            maintext     00011
_minute_inc                      text4        00376
_pwm                             text2        004D8
_pwm_off                         text3        004E3
_pwm_on                          text1        004F7
_show                            text15       003F9
_showLeft                        text17       0026A
_showRight                       text16       000E6
btemp                            (abs)        0007E
delay_ms@time                    cstackCOMMON 00070
end_of_initialization            cinit        0000D
hour_inc@hour                    cstackCOMMON 00071
i2c_getreg@address               cstackBANK0  00029
i2c_getreg@data                  cstackBANK0  0002A
i2c_getreg@debug1                cstackBANK0  00023
i2c_getreg@debug2                cstackBANK0  00025
i2c_getreg@debug3                cstackBANK0  00027
i2c_rx@ack                       cstackCOMMON 00071
i2c_rx@d                         cstackCOMMON 00072
i2c_rx@x                         cstackCOMMON 00073
i2c_setreg@address               cstackBANK0  00029
i2c_setreg@debug4                cstackBANK0  00023
i2c_setreg@debug5                cstackBANK0  00025
i2c_setreg@debug6                cstackBANK0  00027
i2c_setreg@value                 cstackBANK0  00022
i2c_tx@b                         bssBANK0     00030
i2c_tx@d                         cstackCOMMON 00073
i2c_tx@x                         cstackCOMMON 00074
int$flags                        (abs)        0007E
intlevel0                        functab      00000
intlevel1                        functab      00000
intlevel2                        functab      00000
intlevel3                        functab      00000
intlevel4                        functab      00000
intlevel5                        functab      00000
main@dataHours                   cstackBANK0  0002F
main@dataMinutes                 cstackBANK0  0002E
minute_inc@minute                cstackCOMMON 00071
reset_vec                        reset_vec    00000
show@i                           cstackBANK0  00021
show@time                        cstackCOMMON 0007A
showLeft@i                       cstackCOMMON 00079
showLeft@time                    cstackCOMMON 00073
showRight@i                      cstackCOMMON 00079
showRight@time                   cstackCOMMON 00073
start                            init         00008
start_initialization             cinit        0000A
wtemp0                           (abs)        0007E


FUNCTION INFORMATION:

 *************** function _main *****************
 Defined at:
		line 276 in file "main.c"
 Parameters:    Size  Location     Type
		None
 Auto vars:     Size  Location     Type
  dataHours       1   15[BANK0 ] unsigned char 
  dataMinutes     1   14[BANK0 ] unsigned char 
  dataSeconds     1    0        unsigned char 
  adc_value       2    0        unsigned short 
  adc_mapped      1    0        unsigned char 
 Return value:  Size  Location     Type
                  1    wreg      void 
 Registers used:
		wreg, fsr0l, fsr0h, status,2, status,0, pclath, cstack
 Tracked objects:
		On entry : 
		On exit  : 
		Unchanged: 
 Data sizes:     COMMON   BANK0   BANK1   BANK2   BANK3   BANK4   BANK5   BANK6
      Params:         0       0       0       0       0       0       0       0
      Locals:         0       3       0       0       0       0       0       0
      Temps:          0       2       0       0       0       0       0       0
      Totals:         0       5       0       0       0       0       0       0
Total ram usage:        5 bytes
 Hardware stack levels required when called:    5
 This function calls:
		_SYSTEM_Initialize
		_antiPoison
		_hour_inc
		_i2c_getreg
		_i2c_init
		_i2c_setreg
		_minute_inc
		_pwm_off
		_pwm_on
		_show
 This function is called by:
		Startup code after reset
 This function uses a non-reentrant model


 *************** function _pwm_on *****************
 Defined at:
		line 29 in file "main.c"
 Parameters:    Size  Location     Type
		None
 Auto vars:     Size  Location     Type
		None
 Return value:  Size  Location     Type
                  1    wreg      void 
 Registers used:
		wreg, status,2, status,0, pclath, cstack
 Tracked objects:
		On entry : 
		On exit  : 
		Unchanged: 
 Data sizes:     COMMON   BANK0   BANK1   BANK2   BANK3   BANK4   BANK5   BANK6
      Params:         0       0       0       0       0       0       0       0
      Locals:         0       0       0       0       0       0       0       0
      Temps:          0       0       0       0       0       0       0       0
      Totals:         0       0       0       0       0       0       0       0
Total ram usage:        0 bytes
 Hardware stack levels used:    1
 Hardware stack levels required when called:    2
 This function calls:
		_pwm
 This function is called by:
		_main
 This function uses a non-reentrant model


 *************** function _pwm *****************
 Defined at:
		line 15 in file "main.c"
 Parameters:    Size  Location     Type
		None
 Auto vars:     Size  Location     Type
		None
 Return value:  Size  Location     Type
                  1    wreg      void 
 Registers used:
		wreg
 Tracked objects:
		On entry : 
		On exit  : 
		Unchanged: 
 Data sizes:     COMMON   BANK0   BANK1   BANK2   BANK3   BANK4   BANK5   BANK6
      Params:         0       0       0       0       0       0       0       0
      Locals:         0       0       0       0       0       0       0       0
      Temps:          0       0       0       0       0       0       0       0
      Totals:         0       0       0       0       0       0       0       0
Total ram usage:        0 bytes
 Hardware stack levels used:    1
 Hardware stack levels required when called:    1
 This function calls:
		Nothing
 This function is called by:
		_pwm_on
 This function uses a non-reentrant model


 *************** function _pwm_off *****************
 Defined at:
		line 38 in file "main.c"
 Parameters:    Size  Location     Type
		None
 Auto vars:     Size  Location     Type
		None
 Return value:  Size  Location     Type
                  1    wreg      void 
 Registers used:
		status,2
 Tracked objects:
		On entry : 
		On exit  : 
		Unchanged: 
 Data sizes:     COMMON   BANK0   BANK1   BANK2   BANK3   BANK4   BANK5   BANK6
      Params:         0       0       0       0       0       0       0       0
      Locals:         0       0       0       0       0       0       0       0
      Temps:          0       0       0       0       0       0       0       0
      Totals:         0       0       0       0       0       0       0       0
Total ram usage:        0 bytes
 Hardware stack levels used:    1
 Hardware stack levels required when called:    1
 This function calls:
		Nothing
 This function is called by:
		_main
 This function uses a non-reentrant model


 *************** function _minute_inc *****************
 Defined at:
		line 264 in file "main.c"
 Parameters:    Size  Location     Type
  minute          1    wreg     unsigned char 
 Auto vars:     Size  Location     Type
  minute          1    1[COMMON] unsigned char 
 Return value:  Size  Location     Type
                  1    wreg      unsigned char 
 Registers used:
		wreg, status,2, status,0
 Tracked objects:
		On entry : 
		On exit  : 
		Unchanged: 
 Data sizes:     COMMON   BANK0   BANK1   BANK2   BANK3   BANK4   BANK5   BANK6
      Params:         0       0       0       0       0       0       0       0
      Locals:         1       0       0       0       0       0       0       0
      Temps:          1       0       0       0       0       0       0       0
      Totals:         2       0       0       0       0       0       0       0
Total ram usage:        2 bytes
 Hardware stack levels used:    1
 Hardware stack levels required when called:    1
 This function calls:
		Nothing
 This function is called by:
		_main
 This function uses a non-reentrant model


 *************** function _i2c_setreg *****************
 Defined at:
		line 201 in file "main.c"
 Parameters:    Size  Location     Type
  address         1    wreg     unsigned char 
  value           1    2[BANK0 ] unsigned char 
 Auto vars:     Size  Location     Type
  address         1    9[BANK0 ] unsigned char 
  debug6          2    7[BANK0 ] int 
  debug5          2    5[BANK0 ] int 
  debug4          2    3[BANK0 ] int 
 Return value:  Size  Location     Type
                  1    wreg      void 
 Registers used:
		wreg, fsr0l, fsr0h, status,2, status,0, pclath, cstack
 Tracked objects:
		On entry : 
		On exit  : 
		Unchanged: 
 Data sizes:     COMMON   BANK0   BANK1   BANK2   BANK3   BANK4   BANK5   BANK6
      Params:         0       1       0       0       0       0       0       0
      Locals:         0       7       0       0       0       0       0       0
      Temps:          0       0       0       0       0       0       0       0
      Totals:         0       8       0       0       0       0       0       0
Total ram usage:        8 bytes
 Hardware stack levels used:    1
 Hardware stack levels required when called:    4
 This function calls:
		_i2c_start
		_i2c_stop
		_i2c_tx
		_show
 This function is called by:
		_main
 This function uses a non-reentrant model


 *************** function _i2c_init *****************
 Defined at:
		line 57 in file "main.c"
 Parameters:    Size  Location     Type
		None
 Auto vars:     Size  Location     Type
		None
 Return value:  Size  Location     Type
                  1    wreg      void 
 Registers used:
		wreg, status,2, status,0, pclath, cstack
 Tracked objects:
		On entry : 
		On exit  : 
		Unchanged: 
 Data sizes:     COMMON   BANK0   BANK1   BANK2   BANK3   BANK4   BANK5   BANK6
      Params:         0       0       0       0       0       0       0       0
      Locals:         0       0       0       0       0       0       0       0
      Temps:          2       0       0       0       0       0       0       0
      Totals:         2       0       0       0       0       0       0       0
Total ram usage:        2 bytes
 Hardware stack levels used:    1
 Hardware stack levels required when called:    2
 This function calls:
		_i2c_dly
 This function is called by:
		_main
 This function uses a non-reentrant model


 *************** function _i2c_getreg *****************
 Defined at:
		line 217 in file "main.c"
 Parameters:    Size  Location     Type
  address         1    wreg     unsigned char 
 Auto vars:     Size  Location     Type
  address         1    9[BANK0 ] unsigned char 
  debug3          2    7[BANK0 ] int 
  debug2          2    5[BANK0 ] int 
  debug1          2    3[BANK0 ] int 
  data            1   10[BANK0 ] unsigned char 
 Return value:  Size  Location     Type
                  1    wreg      unsigned char 
 Registers used:
		wreg, fsr0l, fsr0h, status,2, status,0, pclath, cstack
 Tracked objects:
		On entry : 
		On exit  : 
		Unchanged: 
 Data sizes:     COMMON   BANK0   BANK1   BANK2   BANK3   BANK4   BANK5   BANK6
      Params:         0       0       0       0       0       0       0       0
      Locals:         0       8       0       0       0       0       0       0
      Temps:          0       1       0       0       0       0       0       0
      Totals:         0       9       0       0       0       0       0       0
Total ram usage:        9 bytes
 Hardware stack levels used:    1
 Hardware stack levels required when called:    4
 This function calls:
		_i2c_rx
		_i2c_start
		_i2c_stop
		_i2c_tx
		_show
 This function is called by:
		_main
 This function uses a non-reentrant model


 *************** function _i2c_tx *****************
 Defined at:
		line 126 in file "main.c"
 Parameters:    Size  Location     Type
  d               1    wreg     unsigned char 
 Auto vars:     Size  Location     Type
  d               1    3[COMMON] unsigned char 
  x               1    4[COMMON] unsigned char 
 Return value:  Size  Location     Type
                  2    0[COMMON] int 
 Registers used:
		wreg, status,2, status,0, pclath, cstack
 Tracked objects:
		On entry : 
		On exit  : 
		Unchanged: 
 Data sizes:     COMMON   BANK0   BANK1   BANK2   BANK3   BANK4   BANK5   BANK6
      Params:         2       0       0       0       0       0       0       0
      Locals:         2       0       0       0       0       0       0       0
      Temps:          1       0       0       0       0       0       0       0
      Totals:         5       0       0       0       0       0       0       0
Total ram usage:        5 bytes
 Hardware stack levels used:    1
 Hardware stack levels required when called:    2
 This function calls:
		_i2c_dly
 This function is called by:
		_i2c_setreg
		_i2c_getreg
 This function uses a non-reentrant model


 *************** function _i2c_stop *****************
 Defined at:
		line 87 in file "main.c"
 Parameters:    Size  Location     Type
		None
 Auto vars:     Size  Location     Type
		None
 Return value:  Size  Location     Type
                  1    wreg      void 
 Registers used:
		wreg, status,2, status,0, pclath, cstack
 Tracked objects:
		On entry : 
		On exit  : 
		Unchanged: 
 Data sizes:     COMMON   BANK0   BANK1   BANK2   BANK3   BANK4   BANK5   BANK6
      Params:         0       0       0       0       0       0       0       0
      Locals:         0       0       0       0       0       0       0       0
      Temps:          0       0       0       0       0       0       0       0
      Totals:         0       0       0       0       0       0       0       0
Total ram usage:        0 bytes
 Hardware stack levels used:    1
 Hardware stack levels required when called:    2
 This function calls:
		_i2c_dly
 This function is called by:
		_i2c_setreg
		_i2c_getreg
 This function uses a non-reentrant model


 *************** function _i2c_start *****************
 Defined at:
		line 74 in file "main.c"
 Parameters:    Size  Location     Type
		None
 Auto vars:     Size  Location     Type
		None
 Return value:  Size  Location     Type
                  1    wreg      void 
 Registers used:
		wreg, status,2, status,0, pclath, cstack
 Tracked objects:
		On entry : 
		On exit  : 
		Unchanged: 
 Data sizes:     COMMON   BANK0   BANK1   BANK2   BANK3   BANK4   BANK5   BANK6
      Params:         0       0       0       0       0       0       0       0
      Locals:         0       0       0       0       0       0       0       0
      Temps:          0       0       0       0       0       0       0       0
      Totals:         0       0       0       0       0       0       0       0
Total ram usage:        0 bytes
 Hardware stack levels used:    1
 Hardware stack levels required when called:    2
 This function calls:
		_i2c_dly
 This function is called by:
		_i2c_setreg
		_i2c_getreg
 This function uses a non-reentrant model


 *************** function _i2c_rx *****************
 Defined at:
		line 100 in file "main.c"
 Parameters:    Size  Location     Type
  ack             1    wreg     unsigned char 
 Auto vars:     Size  Location     Type
  ack             1    1[COMMON] unsigned char 
  x               1    3[COMMON] unsigned char 
  d               1    2[COMMON] unsigned char 
 Return value:  Size  Location     Type
                  1    wreg      unsigned char 
 Registers used:
		wreg, status,2, status,0, pclath, cstack
 Tracked objects:
		On entry : 
		On exit  : 
		Unchanged: 
 Data sizes:     COMMON   BANK0   BANK1   BANK2   BANK3   BANK4   BANK5   BANK6
      Params:         0       0       0       0       0       0       0       0
      Locals:         3       0       0       0       0       0       0       0
      Temps:          1       0       0       0       0       0       0       0
      Totals:         4       0       0       0       0       0       0       0
Total ram usage:        4 bytes
 Hardware stack levels used:    1
 Hardware stack levels required when called:    2
 This function calls:
		_i2c_dly
 This function is called by:
		_i2c_getreg
 This function uses a non-reentrant model


 *************** function _i2c_dly *****************
 Defined at:
		line 52 in file "main.c"
 Parameters:    Size  Location     Type
		None
 Auto vars:     Size  Location     Type
		None
 Return value:  Size  Location     Type
                  1    wreg      void 
 Registers used:
		wreg
 Tracked objects:
		On entry : 
		On exit  : 
		Unchanged: 
 Data sizes:     COMMON   BANK0   BANK1   BANK2   BANK3   BANK4   BANK5   BANK6
      Params:         0       0       0       0       0       0       0       0
      Locals:         0       0       0       0       0       0       0       0
      Temps:          0       0       0       0       0       0       0       0
      Totals:         0       0       0       0       0       0       0       0
Total ram usage:        0 bytes
 Hardware stack levels used:    1
 Hardware stack levels required when called:    1
 This function calls:
		Nothing
 This function is called by:
		_i2c_init
		_i2c_start
		_i2c_stop
		_i2c_rx
		_i2c_tx
 This function uses a non-reentrant model


 *************** function _hour_inc *****************
 Defined at:
		line 254 in file "main.c"
 Parameters:    Size  Location     Type
  hour            1    wreg     unsigned char 
 Auto vars:     Size  Location     Type
  hour            1    1[COMMON] unsigned char 
 Return value:  Size  Location     Type
                  1    wreg      unsigned char 
 Registers used:
		wreg, status,2, status,0
 Tracked objects:
		On entry : 
		On exit  : 
		Unchanged: 
 Data sizes:     COMMON   BANK0   BANK1   BANK2   BANK3   BANK4   BANK5   BANK6
      Params:         0       0       0       0       0       0       0       0
      Locals:         1       0       0       0       0       0       0       0
      Temps:          1       0       0       0       0       0       0       0
      Totals:         2       0       0       0       0       0       0       0
Total ram usage:        2 bytes
 Hardware stack levels used:    1
 Hardware stack levels required when called:    1
 This function calls:
		Nothing
 This function is called by:
		_main
 This function uses a non-reentrant model


 *************** function _antiPoison *****************
 Defined at:
		line 239 in file "main.c"
 Parameters:    Size  Location     Type
		None
 Auto vars:     Size  Location     Type
		None
 Return value:  Size  Location     Type
                  1    wreg      void 
 Registers used:
		wreg, fsr0l, fsr0h, status,2, status,0, pclath, cstack
 Tracked objects:
		On entry : 
		On exit  : 
		Unchanged: 
 Data sizes:     COMMON   BANK0   BANK1   BANK2   BANK3   BANK4   BANK5   BANK6
      Params:         0       0       0       0       0       0       0       0
      Locals:         0       0       0       0       0       0       0       0
      Temps:          0       0       0       0       0       0       0       0
      Totals:         0       0       0       0       0       0       0       0
Total ram usage:        0 bytes
 Hardware stack levels used:    1
 Hardware stack levels required when called:    4
 This function calls:
		_show
 This function is called by:
		_main
 This function uses a non-reentrant model


 *************** function _show *****************
 Defined at:
		line 191 in file "main.c"
 Parameters:    Size  Location     Type
  i               1    wreg     unsigned char 
  time            4   10[COMMON] long 
 Auto vars:     Size  Location     Type
  i               1    1[BANK0 ] unsigned char 
 Return value:  Size  Location     Type
                  1    wreg      void 
 Registers used:
		wreg, fsr0l, fsr0h, status,2, status,0, pclath, cstack
 Tracked objects:
		On entry : 
		On exit  : 
		Unchanged: 
 Data sizes:     COMMON   BANK0   BANK1   BANK2   BANK3   BANK4   BANK5   BANK6
      Params:         4       0       0       0       0       0       0       0
      Locals:         0       1       0       0       0       0       0       0
      Temps:          0       1       0       0       0       0       0       0
      Totals:         4       2       0       0       0       0       0       0
Total ram usage:        6 bytes
 Hardware stack levels used:    1
 Hardware stack levels required when called:    3
 This function calls:
		_showLeft
		_showRight
 This function is called by:
		_i2c_setreg
		_i2c_getreg
		_antiPoison
		_main
 This function uses a non-reentrant model


 *************** function _showRight *****************
 Defined at:
		line 161 in file "main.c"
 Parameters:    Size  Location     Type
  i               1    wreg     unsigned char 
  time            4    3[COMMON] long 
 Auto vars:     Size  Location     Type
  i               1    9[COMMON] unsigned char 
 Return value:  Size  Location     Type
                  1    wreg      void 
 Registers used:
		wreg, fsr0l, fsr0h, status,2, status,0, pclath, cstack
 Tracked objects:
		On entry : 
		On exit  : 
		Unchanged: 
 Data sizes:     COMMON   BANK0   BANK1   BANK2   BANK3   BANK4   BANK5   BANK6
      Params:         4       0       0       0       0       0       0       0
      Locals:         1       0       0       0       0       0       0       0
      Temps:          2       0       0       0       0       0       0       0
      Totals:         7       0       0       0       0       0       0       0
Total ram usage:        7 bytes
 Hardware stack levels used:    1
 Hardware stack levels required when called:    2
 This function calls:
		_delay_ms
 This function is called by:
		_show
 This function uses a non-reentrant model


 *************** function _showLeft *****************
 Defined at:
		line 178 in file "main.c"
 Parameters:    Size  Location     Type
  i               1    wreg     unsigned char 
  time            4    3[COMMON] long 
 Auto vars:     Size  Location     Type
  i               1    9[COMMON] unsigned char 
 Return value:  Size  Location     Type
                  1    wreg      void 
 Registers used:
		wreg, fsr0l, fsr0h, status,2, status,0, pclath, cstack
 Tracked objects:
		On entry : 
		On exit  : 
		Unchanged: 
 Data sizes:     COMMON   BANK0   BANK1   BANK2   BANK3   BANK4   BANK5   BANK6
      Params:         4       0       0       0       0       0       0       0
      Locals:         1       0       0       0       0       0       0       0
      Temps:          2       0       0       0       0       0       0       0
      Totals:         7       0       0       0       0       0       0       0
Total ram usage:        7 bytes
 Hardware stack levels used:    1
 Hardware stack levels required when called:    2
 This function calls:
		_delay_ms
 This function is called by:
		_show
 This function uses a non-reentrant model


 *************** function _delay_ms *****************
 Defined at:
		line 156 in file "main.c"
 Parameters:    Size  Location     Type
  time            2    0[COMMON] int 
 Auto vars:     Size  Location     Type
		None
 Return value:  Size  Location     Type
                  1    wreg      void 
 Registers used:
		wreg
 Tracked objects:
		On entry : 
		On exit  : 
		Unchanged: 
 Data sizes:     COMMON   BANK0   BANK1   BANK2   BANK3   BANK4   BANK5   BANK6
      Params:         2       0       0       0       0       0       0       0
      Locals:         0       0       0       0       0       0       0       0
      Temps:          1       0       0       0       0       0       0       0
      Totals:         3       0       0       0       0       0       0       0
Total ram usage:        3 bytes
 Hardware stack levels used:    1
 Hardware stack levels required when called:    1
 This function calls:
		Nothing
 This function is called by:
		_showRight
		_showLeft
 This function uses a non-reentrant model


 *************** function _SYSTEM_Initialize *****************
 Defined at:
		line 50 in file "mcc_generated_files/mcc.c"
 Parameters:    Size  Location     Type
		None
 Auto vars:     Size  Location     Type
		None
 Return value:  Size  Location     Type
                  1    wreg      void 
 Registers used:
		wreg, status,2, status,0, pclath, cstack
 Tracked objects:
		On entry : 
		On exit  : 
		Unchanged: 
 Data sizes:     COMMON   BANK0   BANK1   BANK2   BANK3   BANK4   BANK5   BANK6
      Params:         0       0       0       0       0       0       0       0
      Locals:         0       0       0       0       0       0       0       0
      Temps:          0       0       0       0       0       0       0       0
      Totals:         0       0       0       0       0       0       0       0
Total ram usage:        0 bytes
 Hardware stack levels used:    1
 Hardware stack levels required when called:    2
 This function calls:
		_ADC_Initialize
		_FVR_Initialize
		_OSCILLATOR_Initialize
		_PIN_MANAGER_Initialize
		_WDT_Initialize
 This function is called by:
		_main
 This function uses a non-reentrant model


 *************** function _WDT_Initialize *****************
 Defined at:
		line 74 in file "mcc_generated_files/mcc.c"
 Parameters:    Size  Location     Type
		None
 Auto vars:     Size  Location     Type
		None
 Return value:  Size  Location     Type
                  1    wreg      void 
 Registers used:
		wreg
 Tracked objects:
		On entry : 
		On exit  : 
		Unchanged: 
 Data sizes:     COMMON   BANK0   BANK1   BANK2   BANK3   BANK4   BANK5   BANK6
      Params:         0       0       0       0       0       0       0       0
      Locals:         0       0       0       0       0       0       0       0
      Temps:          0       0       0       0       0       0       0       0
      Totals:         0       0       0       0       0       0       0       0
Total ram usage:        0 bytes
 Hardware stack levels used:    1
 Hardware stack levels required when called:    1
 This function calls:
		Nothing
 This function is called by:
		_SYSTEM_Initialize
 This function uses a non-reentrant model


 *************** function _PIN_MANAGER_Initialize *****************
 Defined at:
		line 55 in file "mcc_generated_files/pin_manager.c"
 Parameters:    Size  Location     Type
		None
 Auto vars:     Size  Location     Type
		None
 Return value:  Size  Location     Type
                  1    wreg      void 
 Registers used:
		wreg, status,2
 Tracked objects:
		On entry : 
		On exit  : 
		Unchanged: 
 Data sizes:     COMMON   BANK0   BANK1   BANK2   BANK3   BANK4   BANK5   BANK6
      Params:         0       0       0       0       0       0       0       0
      Locals:         0       0       0       0       0       0       0       0
      Temps:          0       0       0       0       0       0       0       0
      Totals:         0       0       0       0       0       0       0       0
Total ram usage:        0 bytes
 Hardware stack levels used:    1
 Hardware stack levels required when called:    1
 This function calls:
		Nothing
 This function is called by:
		_SYSTEM_Initialize
 This function uses a non-reentrant model


 *************** function _OSCILLATOR_Initialize *****************
 Defined at:
		line 60 in file "mcc_generated_files/mcc.c"
 Parameters:    Size  Location     Type
		None
 Auto vars:     Size  Location     Type
		None
 Return value:  Size  Location     Type
                  1    wreg      void 
 Registers used:
		wreg, status,2
 Tracked objects:
		On entry : 
		On exit  : 
		Unchanged: 
 Data sizes:     COMMON   BANK0   BANK1   BANK2   BANK3   BANK4   BANK5   BANK6
      Params:         0       0       0       0       0       0       0       0
      Locals:         0       0       0       0       0       0       0       0
      Temps:          0       0       0       0       0       0       0       0
      Totals:         0       0       0       0       0       0       0       0
Total ram usage:        0 bytes
 Hardware stack levels used:    1
 Hardware stack levels required when called:    1
 This function calls:
		Nothing
 This function is called by:
		_SYSTEM_Initialize
 This function uses a non-reentrant model


 *************** function _FVR_Initialize *****************
 Defined at:
		line 58 in file "mcc_generated_files/fvr.c"
 Parameters:    Size  Location     Type
		None
 Auto vars:     Size  Location     Type
		None
 Return value:  Size  Location     Type
                  1    wreg      void 
 Registers used:
		wreg
 Tracked objects:
		On entry : 
		On exit  : 
		Unchanged: 
 Data sizes:     COMMON   BANK0   BANK1   BANK2   BANK3   BANK4   BANK5   BANK6
      Params:         0       0       0       0       0       0       0       0
      Locals:         0       0       0       0       0       0       0       0
      Temps:          0       0       0       0       0       0       0       0
      Totals:         0       0       0       0       0       0       0       0
Total ram usage:        0 bytes
 Hardware stack levels used:    1
 Hardware stack levels required when called:    1
 This function calls:
		Nothing
 This function is called by:
		_SYSTEM_Initialize
 This function uses a non-reentrant model


 *************** function _ADC_Initialize *****************
 Defined at:
		line 65 in file "mcc_generated_files/adc.c"
 Parameters:    Size  Location     Type
		None
 Auto vars:     Size  Location     Type
		None
 Return value:  Size  Location     Type
                  1    wreg      void 
 Registers used:
		wreg, status,2
 Tracked objects:
		On entry : 
		On exit  : 
		Unchanged: 
 Data sizes:     COMMON   BANK0   BANK1   BANK2   BANK3   BANK4   BANK5   BANK6
      Params:         0       0       0       0       0       0       0       0
      Locals:         0       0       0       0       0       0       0       0
      Temps:          0       0       0       0       0       0       0       0
      Totals:         0       0       0       0       0       0       0       0
Total ram usage:        0 bytes
 Hardware stack levels used:    1
 Hardware stack levels required when called:    1
 This function calls:
		Nothing
 This function is called by:
		_SYSTEM_Initialize
 This function uses a non-reentrant model


 *************** function _isr *****************
 Defined at:
		line 23 in file "interrupts.c"
 Parameters:    Size  Location     Type
		None
 Auto vars:     Size  Location     Type
		None
 Return value:  Size  Location     Type
                  1    wreg      void 
 Registers used:
		None
 Tracked objects:
		On entry : 
		On exit  : 
		Unchanged: 
 Data sizes:     COMMON   BANK0   BANK1   BANK2   BANK3   BANK4   BANK5   BANK6
      Params:         0       0       0       0       0       0       0       0
      Locals:         0       0       0       0       0       0       0       0
      Temps:          0       0       0       0       0       0       0       0
      Totals:         0       0       0       0       0       0       0       0
Total ram usage:        0 bytes
 Hardware stack levels used:    1
 This function calls:
		Nothing
 This function is called by:
		Interrupt level 1
 This function uses a non-reentrant model



MODULE INFORMATION

Module		Function		Class		Link	Load	Size
mcc_generated_files/fvr.c
		_FVR_Initialize		CODE           	0510	0000	5

mcc_generated_files/fvr.c estimated size: 5

interrupts.c
		_isr           		CODE           	0004	0000	5

interrupts.c estimated size: 5

mcc_generated_files/pin_manager.c
		_PIN_MANAGER_Initialize		CODE           	047A	0000	25

mcc_generated_files/pin_manager.c estimated size: 25

mcc_generated_files/adc.c
		_ADC_Initialize		CODE           	04FF	0000	9

mcc_generated_files/adc.c estimated size: 9

shared
		__initialization		CODE           	000A	0000	4

shared estimated size: 4

mcc_generated_files/mcc.c
		_WDT_Initialize		CODE           	050C	0000	5
		_OSCILLATOR_Initialize		CODE           	04CC	0000	13
		_SYSTEM_Initialize		CODE           	04BC	0000	17

mcc_generated_files/mcc.c estimated size: 35

main.c
		_pwm_off       		CODE           	04E3	0000	12
		_i2c_setreg    		CODE           	02D1	0000	93
		_i2c_start     		CODE           	04A7	0000	22
		_i2c_dly       		CODE           	0507	0000	6
		_main          		CODE           	0011	0000	214
		_minute_inc    		CODE           	0376	0000	71
		_pwm           		CODE           	04D8	0000	12
		_showLeft      		CODE           	026A	0000	104
		_hour_inc      		CODE           	0455	0000	38
		_show          		CODE           	03F9	0000	55
		_i2c_rx        		CODE           	03BC	0000	62
		_pwm_on        		CODE           	04F7	0000	9
		_showRight     		CODE           	00E6	0000	164
		_antiPoison    		CODE           	0189	0000	122
		_i2c_stop      		CODE           	0492	0000	22
		_delay_ms      		CODE           	04EE	0000	10
		_i2c_init      		CODE           	042F	0000	39
		_i2c_tx        		CODE           	032D	0000	74
		_i2c_getreg    		CODE           	0202	0000	105

main.c estimated size: 1234

